C:/Users/PP0799/STM32CubeIDE/Integration/UI_New/Core/Src/main.c:1396:13:SPI5_Write	16	static
C:/Users/PP0799/STM32CubeIDE/Integration/UI_New/Core/Src/main.c:1642:13:TouchGFX_Task	8	static
C:/Users/PP0799/STM32CubeIDE/Integration/UI_New/Core/Src/main.c:1747:6:StartActuating	16	static
C:/Users/PP0799/STM32CubeIDE/Integration/UI_New/Core/Src/main.c:1712:6:TempControl	8	static
C:/Users/PP0799/STM32CubeIDE/Integration/UI_New/Core/Src/main.c:402:6:SystemClock_Config	144	static
C:/Users/PP0799/STM32CubeIDE/Integration/UI_New/Core/Src/main.c:271:5:main	128	static
C:/Users/PP0799/STM32CubeIDE/Integration/UI_New/Core/Src/main.c:1240:6:IOE_Init	0	static
C:/Users/PP0799/STM32CubeIDE/Integration/UI_New/Core/Src/main.c:1249:6:IOE_ITConfig	0	static
C:/Users/PP0799/STM32CubeIDE/Integration/UI_New/Core/Src/main.c:1261:6:IOE_Write	32	static
C:/Users/PP0799/STM32CubeIDE/Integration/UI_New/Core/Src/main.c:1272:9:IOE_Read	32	static
C:/Users/PP0799/STM32CubeIDE/Integration/UI_New/Core/Src/main.c:1285:10:IOE_ReadMultiple	24	static
C:/Users/PP0799/STM32CubeIDE/Integration/UI_New/Core/Src/main.c:1294:6:IOE_Delay	0	static
C:/Users/PP0799/STM32CubeIDE/Integration/UI_New/Core/Src/main.c:1422:6:LCD_IO_Init	8	static
C:/Users/PP0799/STM32CubeIDE/Integration/UI_New/Core/Src/main.c:1432:6:LCD_IO_WriteData	16	static
C:/Users/PP0799/STM32CubeIDE/Integration/UI_New/Core/Src/main.c:1448:6:LCD_IO_WriteReg	16	static
C:/Users/PP0799/STM32CubeIDE/Integration/UI_New/Core/Src/main.c:1467:10:LCD_IO_ReadData	32	static
C:/Users/PP0799/STM32CubeIDE/Integration/UI_New/Core/Src/main.c:1494:6:LCD_Delay	0	static
C:/Users/PP0799/STM32CubeIDE/Integration/UI_New/Core/Src/main.c:1502:6:HAL_UART_TxCpltCallback	0	static
C:/Users/PP0799/STM32CubeIDE/Integration/UI_New/Core/Src/main.c:1507:6:HAL_ADC_ConvHalfCpltCallback	0	static
C:/Users/PP0799/STM32CubeIDE/Integration/UI_New/Core/Src/main.c:1512:6:HAL_ADC_ConvCpltCallback	0	static
C:/Users/PP0799/STM32CubeIDE/Integration/UI_New/Core/Src/main.c:1519:11:complexDiv_R	48	static
C:/Users/PP0799/STM32CubeIDE/Integration/UI_New/Core/Src/main.c:1523:11:complexDiv_X	48	static
C:/Users/PP0799/STM32CubeIDE/Integration/UI_New/Core/Src/main.c:1528:6:DoFFT	40	static
C:/Users/PP0799/STM32CubeIDE/Integration/UI_New/Core/Src/main.c:1662:6:ImpedanceCalculator	72	static
C:/Users/PP0799/STM32CubeIDE/Integration/UI_New/Core/Src/main.c:1559:6:reverse	12	static
C:/Users/PP0799/STM32CubeIDE/Integration/UI_New/Core/Src/main.c:1575:5:intToStr	16	static
C:/Users/PP0799/STM32CubeIDE/Integration/UI_New/Core/Src/main.c:1597:6:ftoa	40	static
C:/Users/PP0799/STM32CubeIDE/Integration/UI_New/Core/Src/main.c:1795:6:SaveData	200	static
C:/Users/PP0799/STM32CubeIDE/Integration/UI_New/Core/Src/main.c:1839:6:HAL_TIM_PeriodElapsedCallback	0	static
C:/Users/PP0799/STM32CubeIDE/Integration/UI_New/Core/Src/main.c:1856:6:Error_Handler	0	static
