C:/Users/PP0799/STM32CubeIDE/Integration/UI_New/Core/Src/main.c:1386:13:SPI5_Write	16	static
C:/Users/PP0799/STM32CubeIDE/Integration/UI_New/Core/Src/main.c:1632:13:TouchGFX_Task	8	static
C:/Users/PP0799/STM32CubeIDE/Integration/UI_New/Core/Src/main.c:1739:6:StartActuating	16	static
C:/Users/PP0799/STM32CubeIDE/Integration/UI_New/Core/Src/main.c:1702:6:TempControl	8	static
C:/Users/PP0799/STM32CubeIDE/Integration/UI_New/Core/Src/main.c:402:6:SystemClock_Config	144	static
C:/Users/PP0799/STM32CubeIDE/Integration/UI_New/Core/Src/main.c:271:5:main	128	static
C:/Users/PP0799/STM32CubeIDE/Integration/UI_New/Core/Src/main.c:1230:6:IOE_Init	0	static
C:/Users/PP0799/STM32CubeIDE/Integration/UI_New/Core/Src/main.c:1239:6:IOE_ITConfig	0	static
C:/Users/PP0799/STM32CubeIDE/Integration/UI_New/Core/Src/main.c:1251:6:IOE_Write	32	static
C:/Users/PP0799/STM32CubeIDE/Integration/UI_New/Core/Src/main.c:1262:9:IOE_Read	32	static
C:/Users/PP0799/STM32CubeIDE/Integration/UI_New/Core/Src/main.c:1275:10:IOE_ReadMultiple	24	static
C:/Users/PP0799/STM32CubeIDE/Integration/UI_New/Core/Src/main.c:1284:6:IOE_Delay	0	static
C:/Users/PP0799/STM32CubeIDE/Integration/UI_New/Core/Src/main.c:1412:6:LCD_IO_Init	8	static
C:/Users/PP0799/STM32CubeIDE/Integration/UI_New/Core/Src/main.c:1422:6:LCD_IO_WriteData	16	static
C:/Users/PP0799/STM32CubeIDE/Integration/UI_New/Core/Src/main.c:1438:6:LCD_IO_WriteReg	16	static
C:/Users/PP0799/STM32CubeIDE/Integration/UI_New/Core/Src/main.c:1457:10:LCD_IO_ReadData	32	static
C:/Users/PP0799/STM32CubeIDE/Integration/UI_New/Core/Src/main.c:1484:6:LCD_Delay	0	static
C:/Users/PP0799/STM32CubeIDE/Integration/UI_New/Core/Src/main.c:1492:6:HAL_UART_TxCpltCallback	0	static
C:/Users/PP0799/STM32CubeIDE/Integration/UI_New/Core/Src/main.c:1497:6:HAL_ADC_ConvHalfCpltCallback	0	static
C:/Users/PP0799/STM32CubeIDE/Integration/UI_New/Core/Src/main.c:1502:6:HAL_ADC_ConvCpltCallback	0	static
C:/Users/PP0799/STM32CubeIDE/Integration/UI_New/Core/Src/main.c:1509:11:complexDiv_R	48	static
C:/Users/PP0799/STM32CubeIDE/Integration/UI_New/Core/Src/main.c:1513:11:complexDiv_X	48	static
C:/Users/PP0799/STM32CubeIDE/Integration/UI_New/Core/Src/main.c:1518:6:DoFFT	40	static
C:/Users/PP0799/STM32CubeIDE/Integration/UI_New/Core/Src/main.c:1652:6:ImpedanceCalculator	72	static
C:/Users/PP0799/STM32CubeIDE/Integration/UI_New/Core/Src/main.c:1549:6:reverse	12	static
C:/Users/PP0799/STM32CubeIDE/Integration/UI_New/Core/Src/main.c:1565:5:intToStr	16	static
C:/Users/PP0799/STM32CubeIDE/Integration/UI_New/Core/Src/main.c:1587:6:ftoa	40	static
C:/Users/PP0799/STM32CubeIDE/Integration/UI_New/Core/Src/main.c:1787:6:SaveData	200	static
C:/Users/PP0799/STM32CubeIDE/Integration/UI_New/Core/Src/main.c:1831:6:HAL_TIM_PeriodElapsedCallback	0	static
C:/Users/PP0799/STM32CubeIDE/Integration/UI_New/Core/Src/main.c:1848:6:Error_Handler	0	static
