C:/Users/PP0799/STM32CubeIDE/Integration/UI_New/Core/Src/stm32f4xx_hal_msp.c:71:6:HAL_MspInit	8	static
C:/Users/PP0799/STM32CubeIDE/Integration/UI_New/Core/Src/stm32f4xx_hal_msp.c:95:6:HAL_ADC_MspInit	64	static
C:/Users/PP0799/STM32CubeIDE/Integration/UI_New/Core/Src/stm32f4xx_hal_msp.c:208:6:HAL_ADC_MspDeInit	8	static
C:/Users/PP0799/STM32CubeIDE/Integration/UI_New/Core/Src/stm32f4xx_hal_msp.c:274:6:HAL_CRC_MspInit	8	static
C:/Users/PP0799/STM32CubeIDE/Integration/UI_New/Core/Src/stm32f4xx_hal_msp.c:296:6:HAL_CRC_MspDeInit	0	static
C:/Users/PP0799/STM32CubeIDE/Integration/UI_New/Core/Src/stm32f4xx_hal_msp.c:318:6:HAL_DMA2D_MspInit	16	static
C:/Users/PP0799/STM32CubeIDE/Integration/UI_New/Core/Src/stm32f4xx_hal_msp.c:343:6:HAL_DMA2D_MspDeInit	0	static
C:/Users/PP0799/STM32CubeIDE/Integration/UI_New/Core/Src/stm32f4xx_hal_msp.c:368:6:HAL_I2C_MspInit	64	static
C:/Users/PP0799/STM32CubeIDE/Integration/UI_New/Core/Src/stm32f4xx_hal_msp.c:416:6:HAL_I2C_MspDeInit	8	static
C:/Users/PP0799/STM32CubeIDE/Integration/UI_New/Core/Src/stm32f4xx_hal_msp.c:447:6:HAL_LTDC_MspInit	72	static
C:/Users/PP0799/STM32CubeIDE/Integration/UI_New/Core/Src/stm32f4xx_hal_msp.c:559:6:HAL_LTDC_MspDeInit	8	static
C:/Users/PP0799/STM32CubeIDE/Integration/UI_New/Core/Src/stm32f4xx_hal_msp.c:621:6:HAL_SPI_MspInit	40	static
C:/Users/PP0799/STM32CubeIDE/Integration/UI_New/Core/Src/stm32f4xx_hal_msp.c:658:6:HAL_SPI_MspDeInit	0	static
C:/Users/PP0799/STM32CubeIDE/Integration/UI_New/Core/Src/stm32f4xx_hal_msp.c:688:6:HAL_TIM_Base_MspInit	8	static
C:/Users/PP0799/STM32CubeIDE/Integration/UI_New/Core/Src/stm32f4xx_hal_msp.c:710:6:HAL_TIM_PWM_MspInit	8	static
C:/Users/PP0799/STM32CubeIDE/Integration/UI_New/Core/Src/stm32f4xx_hal_msp.c:743:6:HAL_TIM_OC_MspInit	8	static
C:/Users/PP0799/STM32CubeIDE/Integration/UI_New/Core/Src/stm32f4xx_hal_msp.c:759:6:HAL_TIM_MspPostInit	40	static
C:/Users/PP0799/STM32CubeIDE/Integration/UI_New/Core/Src/stm32f4xx_hal_msp.c:832:6:HAL_TIM_Base_MspDeInit	0	static
C:/Users/PP0799/STM32CubeIDE/Integration/UI_New/Core/Src/stm32f4xx_hal_msp.c:854:6:HAL_TIM_PWM_MspDeInit	0	static
C:/Users/PP0799/STM32CubeIDE/Integration/UI_New/Core/Src/stm32f4xx_hal_msp.c:887:6:HAL_TIM_OC_MspDeInit	0	static
C:/Users/PP0799/STM32CubeIDE/Integration/UI_New/Core/Src/stm32f4xx_hal_msp.c:909:6:HAL_UART_MspInit	64	static
C:/Users/PP0799/STM32CubeIDE/Integration/UI_New/Core/Src/stm32f4xx_hal_msp.c:974:6:HAL_UART_MspDeInit	8	static
C:/Users/PP0799/STM32CubeIDE/Integration/UI_New/Core/Src/stm32f4xx_hal_msp.c:1110:6:HAL_SDRAM_MspInit	48	static
C:/Users/PP0799/STM32CubeIDE/Integration/UI_New/Core/Src/stm32f4xx_hal_msp.c:1196:6:HAL_SDRAM_MspDeInit	8	static
