../../TouchGFX/gui/include/gui/instructionpage1_screen/InstructionPage1Presenter.hpp:28:13:InstructionPage1Presenter::~InstructionPage1Presenter()	0	static
C:/Users/PP0799/STM32CubeIDE/Integration/UI_New/TouchGFX/gui/src/instructionpage1_screen/InstructionPage1Presenter.cpp:10:6:virtual void InstructionPage1Presenter::activate()	0	static
../../TouchGFX/gui/include/gui/instructionpage1_screen/InstructionPage1Presenter.hpp:28:13:virtual InstructionPage1Presenter::~InstructionPage1Presenter()	8	static
../../TouchGFX/gui/include/gui/instructionpage1_screen/InstructionPage1Presenter.hpp:28:13:virtual void* InstructionPage1Presenter::_ZThn4_N25InstructionPage1PresenterD1Ev()	0	static
C:/Users/PP0799/STM32CubeIDE/Integration/UI_New/TouchGFX/gui/src/instructionpage1_screen/InstructionPage1Presenter.cpp:4:1:InstructionPage1Presenter::InstructionPage1Presenter(InstructionPage1View&)	8	static
