../../TouchGFX/gui/include/gui/instructionpage2_screen/InstructionPage2Presenter.hpp:28:13:InstructionPage2Presenter::~InstructionPage2Presenter()	0	static
C:/Users/PP0799/STM32CubeIDE/Integration/UI_New/TouchGFX/gui/src/instructionpage2_screen/InstructionPage2Presenter.cpp:10:6:virtual void InstructionPage2Presenter::activate()	0	static
../../TouchGFX/gui/include/gui/instructionpage2_screen/InstructionPage2Presenter.hpp:28:13:virtual InstructionPage2Presenter::~InstructionPage2Presenter()	8	static
../../TouchGFX/gui/include/gui/instructionpage2_screen/InstructionPage2Presenter.hpp:28:13:virtual void* InstructionPage2Presenter::_ZThn4_N25InstructionPage2PresenterD1Ev()	0	static
C:/Users/PP0799/STM32CubeIDE/Integration/UI_New/TouchGFX/gui/src/instructionpage2_screen/InstructionPage2Presenter.cpp:4:1:InstructionPage2Presenter::InstructionPage2Presenter(InstructionPage2View&)	8	static
