../../Middlewares/ST/touchgfx/framework/include/touchgfx/Screen.hpp:104:18:virtual void touchgfx::Screen::afterTransition()	0	static
../../Middlewares/ST/touchgfx/framework/include/touchgfx/Screen.hpp:144:18:virtual void touchgfx::Screen::handleTickEvent()	0	static
../../Middlewares/ST/touchgfx/framework/include/touchgfx/Screen.hpp:154:18:virtual void touchgfx::Screen::handleKeyEvent(uint8_t)	0	static
../../TouchGFX/gui/include/gui/instructionpage1_screen/InstructionPage1View.hpp:11:13:InstructionPage1View::~InstructionPage1View()	0	static
C:/Users/PP0799/STM32CubeIDE/Integration/UI_New/TouchGFX/gui/src/instructionpage1_screen/InstructionPage1View.cpp:13:6:virtual void InstructionPage1View::tearDownScreen()	0	static
C:/Users/PP0799/STM32CubeIDE/Integration/UI_New/TouchGFX/gui/src/instructionpage1_screen/InstructionPage1View.cpp:8:6:virtual void InstructionPage1View::setupScreen()	0	static
../../TouchGFX/gui/include/gui/instructionpage1_screen/InstructionPage1View.hpp:11:13:virtual InstructionPage1View::~InstructionPage1View()	8	static
C:/Users/PP0799/STM32CubeIDE/Integration/UI_New/TouchGFX/gui/src/instructionpage1_screen/InstructionPage1View.cpp:3:1:InstructionPage1View::InstructionPage1View()	8	static
