../../Middlewares/ST/touchgfx/framework/include/touchgfx/Screen.hpp:104:18:virtual void touchgfx::Screen::afterTransition()	0	static
../../Middlewares/ST/touchgfx/framework/include/touchgfx/Screen.hpp:144:18:virtual void touchgfx::Screen::handleTickEvent()	0	static
../../Middlewares/ST/touchgfx/framework/include/touchgfx/Screen.hpp:154:18:virtual void touchgfx::Screen::handleKeyEvent(uint8_t)	0	static
../../TouchGFX/gui/include/gui/pipage_screen/PIPageView.hpp:11:13:PIPageView::~PIPageView()	0	static
C:/Users/PP0799/STM32CubeIDE/Integration/UI_New/TouchGFX/gui/src/pipage_screen/PIPageView.cpp:13:6:virtual void PIPageView::tearDownScreen()	0	static
C:/Users/PP0799/STM32CubeIDE/Integration/UI_New/TouchGFX/gui/src/pipage_screen/PIPageView.cpp:8:6:virtual void PIPageView::setupScreen()	0	static
../../TouchGFX/gui/include/gui/pipage_screen/PIPageView.hpp:11:13:virtual PIPageView::~PIPageView()	8	static
C:/Users/PP0799/STM32CubeIDE/Integration/UI_New/TouchGFX/gui/src/pipage_screen/PIPageView.cpp:3:1:PIPageView::PIPageView()	8	static
