../../TouchGFX/gui/include/gui/pipage_screen/PIPagePresenter.hpp:28:13:PIPagePresenter::~PIPagePresenter()	0	static
C:/Users/PP0799/STM32CubeIDE/Integration/UI_New/TouchGFX/gui/src/pipage_screen/PIPagePresenter.cpp:10:6:virtual void PIPagePresenter::activate()	0	static
../../TouchGFX/gui/include/gui/pipage_screen/PIPagePresenter.hpp:28:13:virtual PIPagePresenter::~PIPagePresenter()	8	static
../../TouchGFX/gui/include/gui/pipage_screen/PIPagePresenter.hpp:28:13:virtual void* PIPagePresenter::_ZThn4_N15PIPagePresenterD1Ev()	0	static
C:/Users/PP0799/STM32CubeIDE/Integration/UI_New/TouchGFX/gui/src/pipage_screen/PIPagePresenter.cpp:4:1:PIPagePresenter::PIPagePresenter(PIPageView&)	8	static
