../../Middlewares/ST/touchgfx/framework/include/touchgfx/Screen.hpp:104:18:virtual void touchgfx::Screen::afterTransition()	0	static
../../TouchGFX/gui/include/gui/progressbar_screen/ProgressBarView.hpp:11:13:ProgressBarView::~ProgressBarView()	0	static
C:/Users/PP0799/STM32CubeIDE/Integration/UI_New/TouchGFX/gui/src/progressbar_screen/ProgressBarView.cpp:13:6:virtual void ProgressBarView::tearDownScreen()	0	static
C:/Users/PP0799/STM32CubeIDE/Integration/UI_New/TouchGFX/gui/src/progressbar_screen/ProgressBarView.cpp:8:6:virtual void ProgressBarView::setupScreen()	0	static
../../TouchGFX/gui/include/gui/progressbar_screen/ProgressBarView.hpp:11:13:virtual ProgressBarView::~ProgressBarView()	8	static
C:/Users/PP0799/STM32CubeIDE/Integration/UI_New/TouchGFX/gui/src/progressbar_screen/ProgressBarView.cpp:19:6:virtual void ProgressBarView::handleTickEvent()	16	static
C:/Users/PP0799/STM32CubeIDE/Integration/UI_New/TouchGFX/gui/src/progressbar_screen/ProgressBarView.cpp:3:1:ProgressBarView::ProgressBarView()	8	static
