../../TouchGFX/gui/include/gui/progressbar_screen/ProgressBarPresenter.hpp:28:13:ProgressBarPresenter::~ProgressBarPresenter()	0	static
C:/Users/PP0799/STM32CubeIDE/Integration/UI_New/TouchGFX/gui/src/progressbar_screen/ProgressBarPresenter.cpp:10:6:virtual void ProgressBarPresenter::activate()	0	static
../../TouchGFX/gui/include/gui/progressbar_screen/ProgressBarPresenter.hpp:28:13:virtual ProgressBarPresenter::~ProgressBarPresenter()	8	static
../../TouchGFX/gui/include/gui/progressbar_screen/ProgressBarPresenter.hpp:28:13:virtual void* ProgressBarPresenter::_ZThn4_N20ProgressBarPresenterD1Ev()	0	static
C:/Users/PP0799/STM32CubeIDE/Integration/UI_New/TouchGFX/gui/src/progressbar_screen/ProgressBarPresenter.cpp:4:1:ProgressBarPresenter::ProgressBarPresenter(ProgressBarView&)	8	static
C:/Users/PP0799/STM32CubeIDE/Integration/UI_New/TouchGFX/gui/src/progressbar_screen/ProgressBarPresenter.cpp:20:6:void ProgressBarPresenter::ProgressPresenter()	0	static
