../../Middlewares/ST/touchgfx/framework/include/touchgfx/Screen.hpp:104:18:virtual void touchgfx::Screen::afterTransition()	0	static
../../Middlewares/ST/touchgfx/framework/include/touchgfx/Screen.hpp:144:18:virtual void touchgfx::Screen::handleTickEvent()	0	static
../../Middlewares/ST/touchgfx/framework/include/touchgfx/Screen.hpp:154:18:virtual void touchgfx::Screen::handleKeyEvent(uint8_t)	0	static
../../TouchGFX/gui/include/gui/resistancegraph_screen/ResistanceGraphView.hpp:11:13:ResistanceGraphView::~ResistanceGraphView()	0	static
C:/Users/PP0799/STM32CubeIDE/Integration/UI_New/TouchGFX/gui/src/resistancegraph_screen/ResistanceGraphView.cpp:13:6:virtual void ResistanceGraphView::tearDownScreen()	0	static
C:/Users/PP0799/STM32CubeIDE/Integration/UI_New/TouchGFX/gui/src/resistancegraph_screen/ResistanceGraphView.cpp:8:6:virtual void ResistanceGraphView::setupScreen()	0	static
C:/Users/PP0799/STM32CubeIDE/Integration/UI_New/TouchGFX/gui/src/resistancegraph_screen/ResistanceGraphView.cpp:21:6:virtual void ResistanceGraphView::PlotResistance()	32	static
../../TouchGFX/gui/include/gui/resistancegraph_screen/ResistanceGraphView.hpp:11:13:virtual ResistanceGraphView::~ResistanceGraphView()	8	static
C:/Users/PP0799/STM32CubeIDE/Integration/UI_New/TouchGFX/gui/src/resistancegraph_screen/ResistanceGraphView.cpp:3:1:ResistanceGraphView::ResistanceGraphView()	8	static
