../../TouchGFX/gui/include/gui/startpage_screen/StartPagePresenter.hpp:28:13:StartPagePresenter::~StartPagePresenter()	0	static
C:/Users/PP0799/STM32CubeIDE/Integration/UI_New/TouchGFX/gui/src/startpage_screen/StartPagePresenter.cpp:10:6:virtual void StartPagePresenter::activate()	0	static
../../TouchGFX/gui/include/gui/startpage_screen/StartPagePresenter.hpp:28:13:virtual StartPagePresenter::~StartPagePresenter()	8	static
../../TouchGFX/gui/include/gui/startpage_screen/StartPagePresenter.hpp:28:13:virtual void* StartPagePresenter::_ZThn4_N18StartPagePresenterD1Ev()	0	static
C:/Users/PP0799/STM32CubeIDE/Integration/UI_New/TouchGFX/gui/src/startpage_screen/StartPagePresenter.cpp:4:1:StartPagePresenter::StartPagePresenter(StartPageView&)	8	static
