../../Middlewares/ST/touchgfx/framework/include/touchgfx/Screen.hpp:104:18:virtual void touchgfx::Screen::afterTransition()	0	static
../../Middlewares/ST/touchgfx/framework/include/touchgfx/Screen.hpp:144:18:virtual void touchgfx::Screen::handleTickEvent()	0	static
../../Middlewares/ST/touchgfx/framework/include/touchgfx/Screen.hpp:154:18:virtual void touchgfx::Screen::handleKeyEvent(uint8_t)	0	static
../../TouchGFX/gui/include/gui/startmeasurement_screen/StartMeasurementView.hpp:11:13:StartMeasurementView::~StartMeasurementView()	0	static
C:/Users/PP0799/STM32CubeIDE/Integration/UI_New/TouchGFX/gui/src/startmeasurement_screen/StartMeasurementView.cpp:13:6:virtual void StartMeasurementView::tearDownScreen()	0	static
C:/Users/PP0799/STM32CubeIDE/Integration/UI_New/TouchGFX/gui/src/startmeasurement_screen/StartMeasurementView.cpp:8:6:virtual void StartMeasurementView::setupScreen()	0	static
C:/Users/PP0799/STM32CubeIDE/Integration/UI_New/TouchGFX/gui/src/startmeasurement_screen/StartMeasurementView.cpp:18:6:virtual void StartMeasurementView::StartMeasurement()	0	static
../../TouchGFX/gui/include/gui/startmeasurement_screen/StartMeasurementView.hpp:11:13:virtual StartMeasurementView::~StartMeasurementView()	8	static
C:/Users/PP0799/STM32CubeIDE/Integration/UI_New/TouchGFX/gui/src/startmeasurement_screen/StartMeasurementView.cpp:3:1:StartMeasurementView::StartMeasurementView()	8	static
