../../Middlewares/ST/touchgfx/framework/include/touchgfx/Application.hpp:71:18:virtual void touchgfx::Application::changeToStartScreen()	0	static
../../Middlewares/ST/touchgfx/framework/include/touchgfx/Application.hpp:90:18:virtual void touchgfx::Application::appSwitchScreen(uint8_t)	0	static
../../Middlewares/ST/touchgfx/framework/include/touchgfx/Application.hpp:102:18:virtual void touchgfx::Application::requestRedraw(touchgfx::Rect&)	0	static
../../Middlewares/ST/touchgfx/framework/include/touchgfx/transitions/Transition.hpp:71:18:virtual void touchgfx::Transition::tearDown()	0	static
../../Middlewares/ST/touchgfx/framework/include/touchgfx/transitions/Transition.hpp:79:18:virtual void touchgfx::Transition::init()	0	static
../../Middlewares/ST/touchgfx/framework/include/touchgfx/transitions/Transition.hpp:99:18:virtual void touchgfx::Transition::setScreenContainer(touchgfx::Container&)	0	static
../../Middlewares/ST/touchgfx/framework/include/mvp/MVPApplication.hpp:43:7:touchgfx::MVPApplication::~MVPApplication()	0	static
../../TouchGFX/generated/gui_generated/include/gui_generated/common/FrontendApplicationBase.hpp:16:13:FrontendApplicationBase::~FrontendApplicationBase()	0	static
../../TouchGFX/generated/gui_generated/include/gui_generated/common/FrontendApplicationBase.hpp:18:18:virtual void FrontendApplicationBase::changeToStartScreen()	0	static
../../Middlewares/ST/touchgfx/framework/include/touchgfx/transitions/NoTransition.hpp:35:18:virtual void touchgfx::NoTransition::handleTickEvent()	0	static
../../Middlewares/ST/touchgfx/framework/include/touchgfx/transitions/BlockTransition.hpp:102:18:virtual void touchgfx::BlockTransition::tearDown()	0	static
../../Middlewares/ST/touchgfx/framework/include/touchgfx/transitions/BlockTransition.hpp:106:18:virtual void touchgfx::BlockTransition::init()	0	static
../../Middlewares/ST/touchgfx/framework/include/touchgfx/transitions/BlockTransition.hpp:115:18:virtual void touchgfx::BlockTransition::invalidate()	0	static
../../Middlewares/ST/touchgfx/framework/include/touchgfx/Callback.hpp:357:8:touchgfx::Callback<touchgfx::SlideTransition<touchgfx::NORTH>, touchgfx::Drawable&, void, void>::~Callback()	0	static
../../Middlewares/ST/touchgfx/framework/include/touchgfx/Callback.hpp:357:8:touchgfx::Callback<touchgfx::SlideTransition<touchgfx::SOUTH>, touchgfx::Drawable&, void, void>::~Callback()	0	static
../../Middlewares/ST/touchgfx/framework/include/touchgfx/Callback.hpp:357:8:touchgfx::Callback<touchgfx::SlideTransition<touchgfx::EAST>, touchgfx::Drawable&, void, void>::~Callback()	0	static
../../Middlewares/ST/touchgfx/framework/include/touchgfx/Callback.hpp:357:8:touchgfx::Callback<touchgfx::SlideTransition<touchgfx::WEST>, touchgfx::Drawable&, void, void>::~Callback()	0	static
../../Middlewares/ST/touchgfx/framework/include/touchgfx/transitions/SlideTransition.hpp:200:18:void touchgfx::SlideTransition<templateDirection>::tickMoveDrawable(touchgfx::Drawable&) [with touchgfx::Direction templateDirection = touchgfx::NORTH]	4	static
../../Middlewares/ST/touchgfx/framework/include/touchgfx/transitions/SlideTransition.hpp:200:18:void touchgfx::SlideTransition<templateDirection>::tickMoveDrawable(touchgfx::Drawable&) [with touchgfx::Direction templateDirection = touchgfx::SOUTH]	4	static
../../Middlewares/ST/touchgfx/framework/include/touchgfx/transitions/SlideTransition.hpp:200:18:void touchgfx::SlideTransition<templateDirection>::tickMoveDrawable(touchgfx::Drawable&) [with touchgfx::Direction templateDirection = touchgfx::EAST]	4	static
../../Middlewares/ST/touchgfx/framework/include/touchgfx/transitions/SlideTransition.hpp:200:18:void touchgfx::SlideTransition<templateDirection>::tickMoveDrawable(touchgfx::Drawable&) [with touchgfx::Direction templateDirection = touchgfx::WEST]	4	static
../../Middlewares/ST/touchgfx/framework/include/touchgfx/transitions/SlideTransition.hpp:39:7:touchgfx::SlideTransition<touchgfx::NORTH>::~SlideTransition()	0	static
../../Middlewares/ST/touchgfx/framework/include/touchgfx/transitions/SlideTransition.hpp:39:7:touchgfx::SlideTransition<touchgfx::SOUTH>::~SlideTransition()	0	static
../../Middlewares/ST/touchgfx/framework/include/touchgfx/transitions/SlideTransition.hpp:39:7:touchgfx::SlideTransition<touchgfx::WEST>::~SlideTransition()	0	static
../../Middlewares/ST/touchgfx/framework/include/touchgfx/transitions/SlideTransition.hpp:39:7:touchgfx::SlideTransition<touchgfx::EAST>::~SlideTransition()	0	static
../../Middlewares/ST/touchgfx/framework/include/touchgfx/transitions/BlockTransition.hpp:32:7:touchgfx::BlockTransition::~BlockTransition()	0	static
../../Middlewares/ST/touchgfx/framework/include/touchgfx/transitions/NoTransition.hpp:31:7:touchgfx::NoTransition::~NoTransition()	0	static
../../Middlewares/ST/touchgfx/framework/include/touchgfx/Callback.hpp:424:8:touchgfx::Callback<FrontendApplicationBase>::~Callback()	0	static
../../Middlewares/ST/touchgfx/framework/include/touchgfx/transitions/SlideTransition.hpp:173:18:void touchgfx::SlideTransition<templateDirection>::initMoveDrawable(touchgfx::Drawable&) [with touchgfx::Direction templateDirection = touchgfx::NORTH]	0	static
../../Middlewares/ST/touchgfx/framework/include/touchgfx/Callback.hpp:386:18:void touchgfx::Callback<dest_type, T1, void, void>::execute(T1) [with dest_type = touchgfx::SlideTransition<touchgfx::NORTH>; T1 = touchgfx::Drawable&]	8	static
../../Middlewares/ST/touchgfx/framework/include/touchgfx/Callback.hpp:396:18:bool touchgfx::Callback<dest_type, T1, void, void>::isValid() const [with dest_type = touchgfx::SlideTransition<touchgfx::NORTH>; T1 = touchgfx::Drawable&]	0	static
../../Middlewares/ST/touchgfx/framework/include/touchgfx/transitions/SlideTransition.hpp:173:18:void touchgfx::SlideTransition<templateDirection>::initMoveDrawable(touchgfx::Drawable&) [with touchgfx::Direction templateDirection = touchgfx::SOUTH]	0	static
../../Middlewares/ST/touchgfx/framework/include/touchgfx/Callback.hpp:386:18:void touchgfx::Callback<dest_type, T1, void, void>::execute(T1) [with dest_type = touchgfx::SlideTransition<touchgfx::SOUTH>; T1 = touchgfx::Drawable&]	8	static
../../Middlewares/ST/touchgfx/framework/include/touchgfx/Callback.hpp:396:18:bool touchgfx::Callback<dest_type, T1, void, void>::isValid() const [with dest_type = touchgfx::SlideTransition<touchgfx::SOUTH>; T1 = touchgfx::Drawable&]	0	static
../../Middlewares/ST/touchgfx/framework/include/touchgfx/transitions/SlideTransition.hpp:173:18:void touchgfx::SlideTransition<templateDirection>::initMoveDrawable(touchgfx::Drawable&) [with touchgfx::Direction templateDirection = touchgfx::WEST]	0	static
../../Middlewares/ST/touchgfx/framework/include/touchgfx/Callback.hpp:386:18:void touchgfx::Callback<dest_type, T1, void, void>::execute(T1) [with dest_type = touchgfx::SlideTransition<touchgfx::WEST>; T1 = touchgfx::Drawable&]	8	static
../../Middlewares/ST/touchgfx/framework/include/touchgfx/Callback.hpp:396:18:bool touchgfx::Callback<dest_type, T1, void, void>::isValid() const [with dest_type = touchgfx::SlideTransition<touchgfx::WEST>; T1 = touchgfx::Drawable&]	0	static
../../Middlewares/ST/touchgfx/framework/include/touchgfx/transitions/SlideTransition.hpp:173:18:void touchgfx::SlideTransition<templateDirection>::initMoveDrawable(touchgfx::Drawable&) [with touchgfx::Direction templateDirection = touchgfx::EAST]	0	static
../../Middlewares/ST/touchgfx/framework/include/touchgfx/Callback.hpp:386:18:void touchgfx::Callback<dest_type, T1, void, void>::execute(T1) [with dest_type = touchgfx::SlideTransition<touchgfx::EAST>; T1 = touchgfx::Drawable&]	8	static
../../Middlewares/ST/touchgfx/framework/include/touchgfx/Callback.hpp:396:18:bool touchgfx::Callback<dest_type, T1, void, void>::isValid() const [with dest_type = touchgfx::SlideTransition<touchgfx::EAST>; T1 = touchgfx::Drawable&]	0	static
../../Middlewares/ST/touchgfx/framework/include/touchgfx/Callback.hpp:449:18:void touchgfx::Callback<dest_type, void, void, void>::execute() [with dest_type = FrontendApplicationBase]	4	static
../../Middlewares/ST/touchgfx/framework/include/touchgfx/Callback.hpp:459:18:bool touchgfx::Callback<dest_type, void, void, void>::isValid() const [with dest_type = FrontendApplicationBase]	0	static
../../Middlewares/ST/touchgfx/framework/include/touchgfx/transitions/BlockTransition.hpp:32:7:virtual touchgfx::BlockTransition::~BlockTransition()	8	static
../../Middlewares/ST/touchgfx/framework/include/touchgfx/transitions/NoTransition.hpp:31:7:virtual touchgfx::NoTransition::~NoTransition()	8	static
../../Middlewares/ST/touchgfx/framework/include/touchgfx/Callback.hpp:424:8:virtual touchgfx::Callback<FrontendApplicationBase>::~Callback()	8	static
../../Middlewares/ST/touchgfx/framework/include/mvp/MVPApplication.hpp:43:7:virtual touchgfx::MVPApplication::~MVPApplication()	8	static
../../TouchGFX/generated/gui_generated/include/gui_generated/common/FrontendApplicationBase.hpp:16:13:virtual FrontendApplicationBase::~FrontendApplicationBase()	8	static
../../Middlewares/ST/touchgfx/framework/include/touchgfx/transitions/SlideTransition.hpp:39:7:virtual touchgfx::SlideTransition<touchgfx::NORTH>::~SlideTransition()	8	static
../../Middlewares/ST/touchgfx/framework/include/touchgfx/Callback.hpp:357:8:virtual touchgfx::Callback<touchgfx::SlideTransition<touchgfx::NORTH>, touchgfx::Drawable&, void, void>::~Callback()	8	static
../../Middlewares/ST/touchgfx/framework/include/touchgfx/transitions/SlideTransition.hpp:39:7:virtual touchgfx::SlideTransition<touchgfx::SOUTH>::~SlideTransition()	8	static
../../Middlewares/ST/touchgfx/framework/include/touchgfx/Callback.hpp:357:8:virtual touchgfx::Callback<touchgfx::SlideTransition<touchgfx::SOUTH>, touchgfx::Drawable&, void, void>::~Callback()	8	static
../../Middlewares/ST/touchgfx/framework/include/touchgfx/transitions/SlideTransition.hpp:39:7:virtual touchgfx::SlideTransition<touchgfx::WEST>::~SlideTransition()	8	static
../../Middlewares/ST/touchgfx/framework/include/touchgfx/Callback.hpp:357:8:virtual touchgfx::Callback<touchgfx::SlideTransition<touchgfx::WEST>, touchgfx::Drawable&, void, void>::~Callback()	8	static
../../Middlewares/ST/touchgfx/framework/include/touchgfx/transitions/SlideTransition.hpp:39:7:virtual touchgfx::SlideTransition<touchgfx::EAST>::~SlideTransition()	8	static
../../Middlewares/ST/touchgfx/framework/include/touchgfx/Callback.hpp:357:8:virtual touchgfx::Callback<touchgfx::SlideTransition<touchgfx::EAST>, touchgfx::Drawable&, void, void>::~Callback()	8	static
../../Middlewares/ST/touchgfx/framework/include/touchgfx/transitions/BlockTransition.hpp:64:18:virtual void touchgfx::BlockTransition::handleTickEvent()	216	static
../../Middlewares/ST/touchgfx/framework/include/touchgfx/transitions/Transition.hpp:88:18:virtual void touchgfx::Transition::invalidate()	8	static
../../Middlewares/ST/touchgfx/framework/include/touchgfx/transitions/SlideTransition.hpp:146:18:void touchgfx::SlideTransition<templateDirection>::tearDown() [with touchgfx::Direction templateDirection = touchgfx::NORTH]	0	static
../../Middlewares/ST/touchgfx/framework/include/touchgfx/transitions/SlideTransition.hpp:146:18:void touchgfx::SlideTransition<templateDirection>::tearDown() [with touchgfx::Direction templateDirection = touchgfx::SOUTH]	0	static
../../Middlewares/ST/touchgfx/framework/include/touchgfx/transitions/SlideTransition.hpp:146:18:void touchgfx::SlideTransition<templateDirection>::tearDown() [with touchgfx::Direction templateDirection = touchgfx::WEST]	0	static
../../Middlewares/ST/touchgfx/framework/include/touchgfx/transitions/SlideTransition.hpp:146:18:void touchgfx::SlideTransition<templateDirection>::tearDown() [with touchgfx::Direction templateDirection = touchgfx::EAST]	0	static
../../Middlewares/ST/touchgfx/framework/include/touchgfx/transitions/SlideTransition.hpp:89:18:void touchgfx::SlideTransition<templateDirection>::handleTickEvent() [with touchgfx::Direction templateDirection = touchgfx::WEST]	8	static
../../Middlewares/ST/touchgfx/framework/include/touchgfx/transitions/SlideTransition.hpp:89:18:void touchgfx::SlideTransition<templateDirection>::handleTickEvent() [with touchgfx::Direction templateDirection = touchgfx::EAST]	8	static
../../Middlewares/ST/touchgfx/framework/include/touchgfx/transitions/SlideTransition.hpp:89:18:void touchgfx::SlideTransition<templateDirection>::handleTickEvent() [with touchgfx::Direction templateDirection = touchgfx::NORTH]	8	static
../../Middlewares/ST/touchgfx/framework/include/touchgfx/transitions/SlideTransition.hpp:89:18:void touchgfx::SlideTransition<templateDirection>::handleTickEvent() [with touchgfx::Direction templateDirection = touchgfx::SOUTH]	8	static
../../Middlewares/ST/touchgfx/framework/include/mvp/MVPApplication.hpp:59:18:virtual void touchgfx::MVPApplication::handlePendingScreenTransition()	8	static
../../Middlewares/ST/touchgfx/framework/include/touchgfx/transitions/SlideTransition.hpp:154:18:void touchgfx::SlideTransition<templateDirection>::init() [with touchgfx::Direction templateDirection = touchgfx::NORTH]	24	static
../../Middlewares/ST/touchgfx/framework/include/touchgfx/transitions/SlideTransition.hpp:154:18:void touchgfx::SlideTransition<templateDirection>::init() [with touchgfx::Direction templateDirection = touchgfx::SOUTH]	24	static
../../Middlewares/ST/touchgfx/framework/include/touchgfx/transitions/SlideTransition.hpp:154:18:void touchgfx::SlideTransition<templateDirection>::init() [with touchgfx::Direction templateDirection = touchgfx::EAST]	24	static
../../Middlewares/ST/touchgfx/framework/include/touchgfx/transitions/SlideTransition.hpp:154:18:void touchgfx::SlideTransition<templateDirection>::init() [with touchgfx::Direction templateDirection = touchgfx::WEST]	24	static
C:/Users/PP0799/STM32CubeIDE/Integration/UI_New/TouchGFX/generated/gui_generated/src/common/FrontendApplicationBase.cpp:249:6:void FrontendApplicationBase::gotoFinishPageScreenBlockTransitionImpl()	32	static
C:/Users/PP0799/STM32CubeIDE/Integration/UI_New/TouchGFX/generated/gui_generated/src/common/FrontendApplicationBase.cpp:62:6:void FrontendApplicationBase::gotoStartPageScreenNoTransitionImpl()	40	static
../../Middlewares/ST/touchgfx/framework/include/touchgfx/Drawable.hpp:233:10:void touchgfx::Drawable::setPosition(int16_t, int16_t, int16_t, int16_t)	24	static
C:/Users/PP0799/STM32CubeIDE/Integration/UI_New/TouchGFX/generated/gui_generated/src/common/FrontendApplicationBase.cpp:39:1:FrontendApplicationBase::FrontendApplicationBase(Model&, FrontendHeap&)	24	static
C:/Users/PP0799/STM32CubeIDE/Integration/UI_New/TouchGFX/generated/gui_generated/src/common/FrontendApplicationBase.cpp:56:6:void FrontendApplicationBase::gotoStartPageScreenNoTransition()	0	static
C:/Users/PP0799/STM32CubeIDE/Integration/UI_New/TouchGFX/generated/gui_generated/src/common/FrontendApplicationBase.cpp:69:6:void FrontendApplicationBase::gotoInstructionPage1ScreenSlideTransitionNorth()	0	static
C:/Users/PP0799/STM32CubeIDE/Integration/UI_New/TouchGFX/generated/gui_generated/src/common/FrontendApplicationBase.cpp:80:6:void FrontendApplicationBase::gotoInstructionPage1ScreenSlideTransitionSouth()	0	static
C:/Users/PP0799/STM32CubeIDE/Integration/UI_New/TouchGFX/generated/gui_generated/src/common/FrontendApplicationBase.cpp:93:6:void FrontendApplicationBase::gotoInstructionPage2ScreenSlideTransitionNorth()	0	static
C:/Users/PP0799/STM32CubeIDE/Integration/UI_New/TouchGFX/generated/gui_generated/src/common/FrontendApplicationBase.cpp:106:6:void FrontendApplicationBase::gotoKnownPageScreenSlideTransitionNorth()	0	static
C:/Users/PP0799/STM32CubeIDE/Integration/UI_New/TouchGFX/generated/gui_generated/src/common/FrontendApplicationBase.cpp:119:6:void FrontendApplicationBase::gotoPIPageScreenSlideTransitionNorth()	0	static
C:/Users/PP0799/STM32CubeIDE/Integration/UI_New/TouchGFX/generated/gui_generated/src/common/FrontendApplicationBase.cpp:132:6:void FrontendApplicationBase::gotoStartMeasurementScreenSlideTransitionNorth()	0	static
C:/Users/PP0799/STM32CubeIDE/Integration/UI_New/TouchGFX/generated/gui_generated/src/common/FrontendApplicationBase.cpp:145:6:void FrontendApplicationBase::gotoProgressBarScreenSlideTransitionNorth()	0	static
C:/Users/PP0799/STM32CubeIDE/Integration/UI_New/TouchGFX/generated/gui_generated/src/common/FrontendApplicationBase.cpp:158:6:void FrontendApplicationBase::gotoDataDisplayListScreenSlideTransitionNorth()	0	static
C:/Users/PP0799/STM32CubeIDE/Integration/UI_New/TouchGFX/generated/gui_generated/src/common/FrontendApplicationBase.cpp:169:6:void FrontendApplicationBase::gotoDataDisplayListScreenSlideTransitionEast()	0	static
C:/Users/PP0799/STM32CubeIDE/Integration/UI_New/TouchGFX/generated/gui_generated/src/common/FrontendApplicationBase.cpp:180:6:void FrontendApplicationBase::gotoDataDisplayListScreenNoTransition()	0	static
C:/Users/PP0799/STM32CubeIDE/Integration/UI_New/TouchGFX/generated/gui_generated/src/common/FrontendApplicationBase.cpp:191:6:void FrontendApplicationBase::gotoDataDisplayListScreenSlideTransitionSouth()	0	static
C:/Users/PP0799/STM32CubeIDE/Integration/UI_New/TouchGFX/generated/gui_generated/src/common/FrontendApplicationBase.cpp:204:6:void FrontendApplicationBase::gotoResistanceGraphScreenSlideTransitionWest()	0	static
C:/Users/PP0799/STM32CubeIDE/Integration/UI_New/TouchGFX/generated/gui_generated/src/common/FrontendApplicationBase.cpp:217:6:void FrontendApplicationBase::gotoReactanceGraphScreenSlideTransitionWest()	0	static
C:/Users/PP0799/STM32CubeIDE/Integration/UI_New/TouchGFX/generated/gui_generated/src/common/FrontendApplicationBase.cpp:230:6:void FrontendApplicationBase::gotoDataSavedScreenSlideTransitionNorth()	0	static
C:/Users/PP0799/STM32CubeIDE/Integration/UI_New/TouchGFX/generated/gui_generated/src/common/FrontendApplicationBase.cpp:243:6:void FrontendApplicationBase::gotoFinishPageScreenBlockTransition()	0	static
../../Middlewares/ST/touchgfx/framework/include/common/AbstractPartition.hpp:135:8:T& touchgfx::AbstractPartition::at(uint16_t) [with T = touchgfx::SlideTransition<touchgfx::NORTH>]	0	static
../../Middlewares/ST/touchgfx/framework/include/touchgfx/transitions/SlideTransition.hpp:47:5:touchgfx::SlideTransition<templateDirection>::SlideTransition(uint8_t) [with touchgfx::Direction templateDirection = touchgfx::NORTH]	32	static
C:/Users/PP0799/STM32CubeIDE/Integration/UI_New/TouchGFX/generated/gui_generated/src/common/FrontendApplicationBase.cpp:236:6:void FrontendApplicationBase::gotoDataSavedScreenSlideTransitionNorthImpl()	32	static
C:/Users/PP0799/STM32CubeIDE/Integration/UI_New/TouchGFX/generated/gui_generated/src/common/FrontendApplicationBase.cpp:151:6:void FrontendApplicationBase::gotoProgressBarScreenSlideTransitionNorthImpl()	32	static
C:/Users/PP0799/STM32CubeIDE/Integration/UI_New/TouchGFX/generated/gui_generated/src/common/FrontendApplicationBase.cpp:138:6:void FrontendApplicationBase::gotoStartMeasurementScreenSlideTransitionNorthImpl()	32	static
C:/Users/PP0799/STM32CubeIDE/Integration/UI_New/TouchGFX/generated/gui_generated/src/common/FrontendApplicationBase.cpp:125:6:void FrontendApplicationBase::gotoPIPageScreenSlideTransitionNorthImpl()	32	static
C:/Users/PP0799/STM32CubeIDE/Integration/UI_New/TouchGFX/generated/gui_generated/src/common/FrontendApplicationBase.cpp:112:6:void FrontendApplicationBase::gotoKnownPageScreenSlideTransitionNorthImpl()	32	static
C:/Users/PP0799/STM32CubeIDE/Integration/UI_New/TouchGFX/generated/gui_generated/src/common/FrontendApplicationBase.cpp:99:6:void FrontendApplicationBase::gotoInstructionPage2ScreenSlideTransitionNorthImpl()	32	static
C:/Users/PP0799/STM32CubeIDE/Integration/UI_New/TouchGFX/generated/gui_generated/src/common/FrontendApplicationBase.cpp:75:6:void FrontendApplicationBase::gotoInstructionPage1ScreenSlideTransitionNorthImpl()	32	static
../../Middlewares/ST/touchgfx/framework/include/touchgfx/transitions/SlideTransition.hpp:47:5:touchgfx::SlideTransition<templateDirection>::SlideTransition(uint8_t) [with touchgfx::Direction templateDirection = touchgfx::SOUTH]	32	static
C:/Users/PP0799/STM32CubeIDE/Integration/UI_New/TouchGFX/generated/gui_generated/src/common/FrontendApplicationBase.cpp:86:6:void FrontendApplicationBase::gotoInstructionPage1ScreenSlideTransitionSouthImpl()	32	static
../../Middlewares/ST/touchgfx/framework/include/common/AbstractPartition.hpp:135:8:T& touchgfx::AbstractPartition::at(uint16_t) [with T = DataDisplayListView]	0	static
../../Middlewares/ST/touchgfx/framework/include/common/AbstractPartition.hpp:135:8:T& touchgfx::AbstractPartition::at(uint16_t) [with T = DataDisplayListPresenter]	0	static
C:/Users/PP0799/STM32CubeIDE/Integration/UI_New/TouchGFX/generated/gui_generated/src/common/FrontendApplicationBase.cpp:197:6:void FrontendApplicationBase::gotoDataDisplayListScreenSlideTransitionSouthImpl()	32	static
C:/Users/PP0799/STM32CubeIDE/Integration/UI_New/TouchGFX/generated/gui_generated/src/common/FrontendApplicationBase.cpp:186:6:void FrontendApplicationBase::gotoDataDisplayListScreenNoTransitionImpl()	40	static
C:/Users/PP0799/STM32CubeIDE/Integration/UI_New/TouchGFX/generated/gui_generated/src/common/FrontendApplicationBase.cpp:175:6:void FrontendApplicationBase::gotoDataDisplayListScreenSlideTransitionEastImpl()	48	static
C:/Users/PP0799/STM32CubeIDE/Integration/UI_New/TouchGFX/generated/gui_generated/src/common/FrontendApplicationBase.cpp:164:6:void FrontendApplicationBase::gotoDataDisplayListScreenSlideTransitionNorthImpl()	32	static
../../Middlewares/ST/touchgfx/framework/include/touchgfx/transitions/SlideTransition.hpp:47:5:touchgfx::SlideTransition<templateDirection>::SlideTransition(uint8_t) [with touchgfx::Direction templateDirection = touchgfx::WEST]	32	static
C:/Users/PP0799/STM32CubeIDE/Integration/UI_New/TouchGFX/generated/gui_generated/src/common/FrontendApplicationBase.cpp:223:6:void FrontendApplicationBase::gotoReactanceGraphScreenSlideTransitionWestImpl()	32	static
C:/Users/PP0799/STM32CubeIDE/Integration/UI_New/TouchGFX/generated/gui_generated/src/common/FrontendApplicationBase.cpp:210:6:void FrontendApplicationBase::gotoResistanceGraphScreenSlideTransitionWestImpl()	32	static
